Command line invocation:
    /Applications/Xcode.app/Contents/Developer/usr/bin/xcodebuild -project "The Friendly Fitness Companion V2.xcodeproj" -scheme "The Friendly Fitness Companion V2" -destination "platform=iOS Simulator,name=iPhone 17 Pro Max" build

2026-05-15 01:17:11.103 xcodebuild[65936:8473547] [MT] IDERunDestination: Supported platforms for the buildables in the current scheme is empty.
ComputePackagePrebuildTargetDependencyGraph

Prepare packages

CreateBuildRequest

SendProjectDescription

CreateBuildOperation

ComputeTargetDependencyGraph
note: Building targets in dependency order
note: Target dependency graph (1 target)
    Target 'The Friendly Fitness Companion V2' in project 'The Friendly Fitness Companion V2' (no dependencies)

GatherProvisioningInputs

CreateBuildDescription

ExecuteExternalTool /Applications/Xcode.app/Contents/Developer/Toolchains/XcodeDefault.xctoolchain/usr/bin/clang -v -E -dM -isysroot /Applications/Xcode.app/Contents/Developer/Platforms/iPhoneSimulator.platform/Developer/SDKs/iPhoneSimulator26.4.sdk -x c -c /dev/null

ExecuteExternalTool /Applications/Xcode.app/Contents/Developer/usr/bin/actool --print-asset-tag-combinations --output-format xml1 /Users/9lives/Documents/GitHub/The Friendly Fitness Companion V2/The Friendly Fitness Companion V2/The Friendly Fitness Companion V2/Assets.xcassets

ExecuteExternalTool /Applications/Xcode.app/Contents/Developer/usr/bin/actool --version --output-format xml1

ExecuteExternalTool /Applications/Xcode.app/Contents/Developer/Toolchains/XcodeDefault.xctoolchain/usr/bin/swiftc --version

ExecuteExternalTool /Applications/Xcode.app/Contents/Developer/Toolchains/XcodeDefault.xctoolchain/usr/bin/ld -version_details

Build description signature: 76b8678e05cbaf825a1d1e5e3b480498
Build description path: /Users/9lives/Library/Developer/Xcode/DerivedData/The_Friendly_Fitness_Companion_V2-gcddejbqihjurebxvkcvlpnkdoip/Build/Intermediates.noindex/XCBuildData/76b8678e05cbaf825a1d1e5e3b480498.xcbuilddata
ClangStatCache /Applications/Xcode.app/Contents/Developer/Toolchains/XcodeDefault.xctoolchain/usr/bin/clang-stat-cache /Applications/Xcode.app/Contents/Developer/Platforms/iPhoneSimulator.platform/Developer/SDKs/iPhoneSimulator26.4.sdk /Users/9lives/Library/Developer/Xcode/DerivedData/SDKStatCaches.noindex/iphonesimulator26.4-23E237-686eebb5dc1d8ecb277353a59184f4aa.sdkstatcache
    cd /Users/9lives/Documents/GitHub/The\ Friendly\ Fitness\ Companion\ V2/The\ Friendly\ Fitness\ Companion\ V2/The\ Friendly\ Fitness\ Companion\ V2.xcodeproj
    /Applications/Xcode.app/Contents/Developer/Toolchains/XcodeDefault.xctoolchain/usr/bin/clang-stat-cache /Applications/Xcode.app/Contents/Developer/Platforms/iPhoneSimulator.platform/Developer/SDKs/iPhoneSimulator26.4.sdk -o /Users/9lives/Library/Developer/Xcode/DerivedData/SDKStatCaches.noindex/iphonesimulator26.4-23E237-686eebb5dc1d8ecb277353a59184f4aa.sdkstatcache

ProcessInfoPlistFile /Users/9lives/Library/Developer/Xcode/DerivedData/The_Friendly_Fitness_Companion_V2-gcddejbqihjurebxvkcvlpnkdoip/Build/Products/Debug-iphonesimulator/The\ Friendly\ Fitness\ Companion\ V2.app/Info.plist /Users/9lives/Library/Developer/Xcode/DerivedData/The_Friendly_Fitness_Companion_V2-gcddejbqihjurebxvkcvlpnkdoip/Build/Intermediates.noindex/The\ Friendly\ Fitness\ Companion\ V2.build/Debug-iphonesimulator/The\ Friendly\ Fitness\ Companion\ V2.build/empty-The\ Friendly\ Fitness\ Companion\ V2.plist (in target 'The Friendly Fitness Companion V2' from project 'The Friendly Fitness Companion V2')
    cd /Users/9lives/Documents/GitHub/The\ Friendly\ Fitness\ Companion\ V2/The\ Friendly\ Fitness\ Companion\ V2
    builtin-infoPlistUtility /Users/9lives/Library/Developer/Xcode/DerivedData/The_Friendly_Fitness_Companion_V2-gcddejbqihjurebxvkcvlpnkdoip/Build/Intermediates.noindex/The\ Friendly\ Fitness\ Companion\ V2.build/Debug-iphonesimulator/The\ Friendly\ Fitness\ Companion\ V2.build/empty-The\ Friendly\ Fitness\ Companion\ V2.plist -producttype com.apple.product-type.application -genpkginfo /Users/9lives/Library/Developer/Xcode/DerivedData/The_Friendly_Fitness_Companion_V2-gcddejbqihjurebxvkcvlpnkdoip/Build/Products/Debug-iphonesimulator/The\ Friendly\ Fitness\ Companion\ V2.app/PkgInfo -expandbuildsettings -format binary -platform iphonesimulator -additionalcontentfile /Users/9lives/Library/Developer/Xcode/DerivedData/The_Friendly_Fitness_Companion_V2-gcddejbqihjurebxvkcvlpnkdoip/Build/Intermediates.noindex/The\ Friendly\ Fitness\ Companion\ V2.build/Debug-iphonesimulator/The\ Friendly\ Fitness\ Companion\ V2.build/assetcatalog_generated_info.plist -o /Users/9lives/Library/Developer/Xcode/DerivedData/The_Friendly_Fitness_Companion_V2-gcddejbqihjurebxvkcvlpnkdoip/Build/Products/Debug-iphonesimulator/The\ Friendly\ Fitness\ Companion\ V2.app/Info.plist

SwiftDriver The\ Friendly\ Fitness\ Companion\ V2 normal arm64 com.apple.xcode.tools.swift.compiler (in target 'The Friendly Fitness Companion V2' from project 'The Friendly Fitness Companion V2')
    cd /Users/9lives/Documents/GitHub/The\ Friendly\ Fitness\ Companion\ V2/The\ Friendly\ Fitness\ Companion\ V2
    builtin-SwiftDriver -- /Applications/Xcode.app/Contents/Developer/Toolchains/XcodeDefault.xctoolchain/usr/bin/swiftc -module-name The_Friendly_Fitness_Companion_V2 -Onone @/Users/9lives/Library/Developer/Xcode/DerivedData/The_Friendly_Fitness_Companion_V2-gcddejbqihjurebxvkcvlpnkdoip/Build/Intermediates.noindex/The\ Friendly\ Fitness\ Companion\ V2.build/Debug-iphonesimulator/The\ Friendly\ Fitness\ Companion\ V2.build/Objects-normal/arm64/The\ Friendly\ Fitness\ Companion\ V2.SwiftFileList -DDEBUG -default-isolation\=MainActor -enable-bare-slash-regex -enable-upcoming-feature DisableOutwardActorInference -enable-upcoming-feature InferSendableFromCaptures -enable-upcoming-feature GlobalActorIsolatedTypesUsability -enable-upcoming-feature MemberImportVisibility -enable-upcoming-feature InferIsolatedConformances -enable-upcoming-feature NonisolatedNonsendingByDefault -enable-experimental-feature DebugDescriptionMacro -sdk /Applications/Xcode.app/Contents/Developer/Platforms/iPhoneSimulator.platform/Developer/SDKs/iPhoneSimulator26.4.sdk -target arm64-apple-ios26.4-simulator -g -module-cache-path /Users/9lives/Library/Developer/Xcode/DerivedData/ModuleCache.noindex -Xfrontend -serialize-debugging-options -enable-testing -index-store-path /Users/9lives/Library/Developer/Xcode/DerivedData/The_Friendly_Fitness_Companion_V2-gcddejbqihjurebxvkcvlpnkdoip/Index.noindex/DataStore -Xcc -D_LIBCPP_HARDENING_MODE\=_LIBCPP_HARDENING_MODE_DEBUG -swift-version 5 -I /Users/9lives/Library/Developer/Xcode/DerivedData/The_Friendly_Fitness_Companion_V2-gcddejbqihjurebxvkcvlpnkdoip/Build/Products/Debug-iphonesimulator -F /Users/9lives/Library/Developer/Xcode/DerivedData/The_Friendly_Fitness_Companion_V2-gcddejbqihjurebxvkcvlpnkdoip/Build/Products/Debug-iphonesimulator -emit-localized-strings -emit-localized-strings-path /Users/9lives/Library/Developer/Xcode/DerivedData/The_Friendly_Fitness_Companion_V2-gcddejbqihjurebxvkcvlpnkdoip/Build/Intermediates.noindex/The\ Friendly\ Fitness\ Companion\ V2.build/Debug-iphonesimulator/The\ Friendly\ Fitness\ Companion\ V2.build/Objects-normal/arm64 -c -j12 -enable-batch-mode -incremental -Xcc -ivfsstatcache -Xcc /Users/9lives/Library/Developer/Xcode/DerivedData/SDKStatCaches.noindex/iphonesimulator26.4-23E237-686eebb5dc1d8ecb277353a59184f4aa.sdkstatcache -output-file-map /Users/9lives/Library/Developer/Xcode/DerivedData/The_Friendly_Fitness_Companion_V2-gcddejbqihjurebxvkcvlpnkdoip/Build/Intermediates.noindex/The\ Friendly\ Fitness\ Companion\ V2.build/Debug-iphonesimulator/The\ Friendly\ Fitness\ Companion\ V2.build/Objects-normal/arm64/The\ Friendly\ Fitness\ Companion\ V2-OutputFileMap.json -use-frontend-parseable-output -save-temps -no-color-diagnostics -explicit-module-build -module-cache-path /Users/9lives/Library/Developer/Xcode/DerivedData/The_Friendly_Fitness_Companion_V2-gcddejbqihjurebxvkcvlpnkdoip/Build/Intermediates.noindex/SwiftExplicitPrecompiledModules -clang-scanner-module-cache-path /Users/9lives/Library/Developer/Xcode/DerivedData/ModuleCache.noindex -sdk-module-cache-path /Users/9lives/Library/Developer/Xcode/DerivedData/ModuleCache.noindex -serialize-diagnostics -emit-dependencies -emit-module -emit-module-path /Users/9lives/Library/Developer/Xcode/DerivedData/The_Friendly_Fitness_Companion_V2-gcddejbqihjurebxvkcvlpnkdoip/Build/Intermediates.noindex/The\ Friendly\ Fitness\ Companion\ V2.build/Debug-iphonesimulator/The\ Friendly\ Fitness\ Companion\ V2.build/Objects-normal/arm64/The_Friendly_Fitness_Companion_V2.swiftmodule -validate-clang-modules-once -clang-build-session-file /Users/9lives/Library/Developer/Xcode/DerivedData/ModuleCache.noindex/Session.modulevalidation -Xcc -I/Users/9lives/Library/Developer/Xcode/DerivedData/The_Friendly_Fitness_Companion_V2-gcddejbqihjurebxvkcvlpnkdoip/Build/Intermediates.noindex/The\ Friendly\ Fitness\ Companion\ V2.build/Debug-iphonesimulator/The\ Friendly\ Fitness\ Companion\ V2.build/swift-overrides.hmap -emit-const-values -Xfrontend -const-gather-protocols-file -Xfrontend /Users/9lives/Library/Developer/Xcode/DerivedData/The_Friendly_Fitness_Companion_V2-gcddejbqihjurebxvkcvlpnkdoip/Build/Intermediates.noindex/The\ Friendly\ Fitness\ Companion\ V2.build/Debug-iphonesimulator/The\ Friendly\ Fitness\ Companion\ V2.build/Objects-normal/arm64/The\ Friendly\ Fitness\ Companion\ V2_const_extract_protocols.json -Xcc -iquote -Xcc /Users/9lives/Library/Developer/Xcode/DerivedData/The_Friendly_Fitness_Companion_V2-gcddejbqihjurebxvkcvlpnkdoip/Build/Intermediates.noindex/The\ Friendly\ Fitness\ Companion\ V2.build/Debug-iphonesimulator/The\ Friendly\ Fitness\ Companion\ V2.build/The\ Friendly\ Fitness\ Companion\ V2-generated-files.hmap -Xcc -I/Users/9lives/Library/Developer/Xcode/DerivedData/The_Friendly_Fitness_Companion_V2-gcddejbqihjurebxvkcvlpnkdoip/Build/Intermediates.noindex/The\ Friendly\ Fitness\ Companion\ V2.build/Debug-iphonesimulator/The\ Friendly\ Fitness\ Companion\ V2.build/The\ Friendly\ Fitness\ Companion\ V2-own-target-headers.hmap -Xcc -I/Users/9lives/Library/Developer/Xcode/DerivedData/The_Friendly_Fitness_Companion_V2-gcddejbqihjurebxvkcvlpnkdoip/Build/Intermediates.noindex/The\ Friendly\ Fitness\ Companion\ V2.build/Debug-iphonesimulator/The\ Friendly\ Fitness\ Companion\ V2.build/The\ Friendly\ Fitness\ Companion\ V2-all-target-headers.hmap -Xcc -iquote -Xcc /Users/9lives/Library/Developer/Xcode/DerivedData/The_Friendly_Fitness_Companion_V2-gcddejbqihjurebxvkcvlpnkdoip/Build/Intermediates.noindex/The\ Friendly\ Fitness\ Companion\ V2.build/Debug-iphonesimulator/The\ Friendly\ Fitness\ Companion\ V2.build/The\ Friendly\ Fitness\ Companion\ V2-project-headers.hmap -Xcc -I/Users/9lives/Library/Developer/Xcode/DerivedData/The_Friendly_Fitness_Companion_V2-gcddejbqihjurebxvkcvlpnkdoip/Build/Products/Debug-iphonesimulator/include -Xcc -I/Users/9lives/Library/Developer/Xcode/DerivedData/The_Friendly_Fitness_Companion_V2-gcddejbqihjurebxvkcvlpnkdoip/Build/Intermediates.noindex/The\ Friendly\ Fitness\ Companion\ V2.build/Debug-iphonesimulator/The\ Friendly\ Fitness\ Companion\ V2.build/DerivedSources-normal/arm64 -Xcc -I/Users/9lives/Library/Developer/Xcode/DerivedData/The_Friendly_Fitness_Companion_V2-gcddejbqihjurebxvkcvlpnkdoip/Build/Intermediates.noindex/The\ Friendly\ Fitness\ Companion\ V2.build/Debug-iphonesimulator/The\ Friendly\ Fitness\ Companion\ V2.build/DerivedSources/arm64 -Xcc -I/Users/9lives/Library/Developer/Xcode/DerivedData/The_Friendly_Fitness_Companion_V2-gcddejbqihjurebxvkcvlpnkdoip/Build/Intermediates.noindex/The\ Friendly\ Fitness\ Companion\ V2.build/Debug-iphonesimulator/The\ Friendly\ Fitness\ Companion\ V2.build/DerivedSources -Xcc -DDEBUG\=1 -emit-objc-header -emit-objc-header-path /Users/9lives/Library/Developer/Xcode/DerivedData/The_Friendly_Fitness_Companion_V2-gcddejbqihjurebxvkcvlpnkdoip/Build/Intermediates.noindex/The\ Friendly\ Fitness\ Companion\ V2.build/Debug-iphonesimulator/The\ Friendly\ Fitness\ Companion\ V2.build/Objects-normal/arm64/The_Friendly_Fitness_Companion_V2-Swift.h -working-directory /Users/9lives/Documents/GitHub/The\ Friendly\ Fitness\ Companion\ V2/The\ Friendly\ Fitness\ Companion\ V2 -experimental-emit-module-separately -disable-cmo

SwiftCompile normal arm64 Compiling\ ExerciseManagerView.swift /Users/9lives/Documents/GitHub/The\ Friendly\ Fitness\ Companion\ V2/The\ Friendly\ Fitness\ Companion\ V2/The\ Friendly\ Fitness\ Companion\ V2/Views/ExerciseManagerView.swift (in target 'The Friendly Fitness Companion V2' from project 'The Friendly Fitness Companion V2')

SwiftCompile normal arm64 /Users/9lives/Documents/GitHub/The\ Friendly\ Fitness\ Companion\ V2/The\ Friendly\ Fitness\ Companion\ V2/The\ Friendly\ Fitness\ Companion\ V2/Views/ExerciseManagerView.swift (in target 'The Friendly Fitness Companion V2' from project 'The Friendly Fitness Companion V2')
    cd /Users/9lives/Documents/GitHub/The\ Friendly\ Fitness\ Companion\ V2/The\ Friendly\ Fitness\ Companion\ V2
    

SwiftCompile normal arm64 Compiling\ FastingView.swift /Users/9lives/Documents/GitHub/The\ Friendly\ Fitness\ Companion\ V2/The\ Friendly\ Fitness\ Companion\ V2/The\ Friendly\ Fitness\ Companion\ V2/Views/FastingView.swift (in target 'The Friendly Fitness Companion V2' from project 'The Friendly Fitness Companion V2')
Failed frontend command:
/Applications/Xcode.app/Contents/Developer/Toolchains/XcodeDefault.xctoolchain/usr/bin/swift-frontend -frontend -c /Users/9lives/Documents/GitHub/The\ Friendly\ Fitness\ Companion\ V2/The\ Friendly\ Fitness\ Companion\ V2/The\ Friendly\ Fitness\ Companion\ V2/Models/Models.swift /Users/9lives/Documents/GitHub/The\ Friendly\ Fitness\ Companion\ V2/The\ Friendly\ Fitness\ Companion\ V2/The\ Friendly\ Fitness\ Companion\ V2/Services/ExportService.swift /Users/9lives/Documents/GitHub/The\ Friendly\ Fitness\ Companion\ V2/The\ Friendly\ Fitness\ Companion\ V2/The\ Friendly\ Fitness\ Companion\ V2/Services/HapticManager.swift /Users/9lives/Documents/GitHub/The\ Friendly\ Fitness\ Companion\ V2/The\ Friendly\ Fitness\ Companion\ V2/The\ Friendly\ Fitness\ Companion\ V2/Services/HealthKitManager.swift /Users/9lives/Documents/GitHub/The\ Friendly\ Fitness\ Companion\ V2/The\ Friendly\ Fitness\ Companion\ V2/The\ Friendly\ Fitness\ Companion\ V2/Services/MotionManager.swift /Users/9lives/Documents/GitHub/The\ Friendly\ Fitness\ Companion\ V2/The\ Friendly\ Fitness\ Companion\ V2/The\ Friendly\ Fitness\ Companion\ V2/Theme/Theme.swift /Users/9lives/Documents/GitHub/The\ Friendly\ Fitness\ Companion\ V2/The\ Friendly\ Fitness\ Companion\ V2/The\ Friendly\ Fitness\ Companion\ V2/Views/ActiveExerciseView.swift /Users/9lives/Documents/GitHub/The\ Friendly\ Fitness\ Companion\ V2/The\ Friendly\ Fitness\ Companion\ V2/The\ Friendly\ Fitness\ Companion\ V2/Views/AnatomicalBodyMap.swift /Users/9lives/Documents/GitHub/The\ Friendly\ Fitness\ Companion\ V2/The\ Friendly\ Fitness\ Companion\ V2/The\ Friendly\ Fitness\ Companion\ V2/Views/DashboardView.swift /Users/9lives/Documents/GitHub/The\ Friendly\ Fitness\ Companion\ V2/The\ Friendly\ Fitness\ Companion\ V2/The\ Friendly\ Fitness\ Companion\ V2/Views/ExerciseHistoryView.swift /Users/9lives/Documents/GitHub/The\ Friendly\ Fitness\ Companion\ V2/The\ Friendly\ Fitness\ Companion\ V2/The\ Friendly\ Fitness\ Companion\ V2/Views/ExerciseManagerView.swift /Users/9lives/Documents/GitHub/The\ Friendly\ Fitness\ Companion\ V2/The\ Friendly\ Fitness\ Companion\ V2/The\ Friendly\ Fitness\ Companion\ V2/Views/ExerciseSelectionView.swift -primary-file /Users/9lives/Documents/GitHub/The\ Friendly\ Fitness\ Companion\ V2/The\ Friendly\ Fitness\ Companion\ V2/The\ Friendly\ Fitness\ Companion\ V2/Views/FastingView.swift /Users/9lives/Documents/GitHub/The\ Friendly\ Fitness\ Companion\ V2/The\ Friendly\ Fitness\ Companion\ V2/The\ Friendly\ Fitness\ Companion\ V2/Views/JournalView.swift /Users/9lives/Documents/GitHub/The\ Friendly\ Fitness\ Companion\ V2/The\ Friendly\ Fitness\ Companion\ V2/The\ Friendly\ Fitness\ Companion\ V2/Views/MainTabView.swift /Users/9lives/Documents/GitHub/The\ Friendly\ Fitness\ Companion\ V2/The\ Friendly\ Fitness\ Companion\ V2/The\ Friendly\ Fitness\ Companion\ V2/Views/OneRepMaxCalculatorView.swift /Users/9lives/Documents/GitHub/The\ Friendly\ Fitness\ Companion\ V2/The\ Friendly\ Fitness\ Companion\ V2/The\ Friendly\ Fitness\ Companion\ V2/Views/ProfileView.swift /Users/9lives/Documents/GitHub/The\ Friendly\ Fitness\ Companion\ V2/The\ Friendly\ Fitness\ Companion\ V2/The\ Friendly\ Fitness\ Companion\ V2/Views/ProgressView.swift /Users/9lives/Documents/GitHub/The\ Friendly\ Fitness\ Companion\ V2/The\ Friendly\ Fitness\ Companion\ V2/The\ Friendly\ Fitness\ Companion\ V2/Views/SettingsView.swift /Users/9lives/Documents/GitHub/The\ Friendly\ Fitness\ Companion\ V2/The\ Friendly\ Fitness\ Companion\ V2/The\ Friendly\ Fitness\ Companion\ V2/Views/TemplateBuilderView.swift /Users/9lives/Documents/GitHub/The\ Friendly\ Fitness\ Companion\ V2/The\ Friendly\ Fitness\ Companion\ V2/The\ Friendly\ Fitness\ Companion\ V2/Views/WorkoutLoggerView.swift /Users/9lives/Documents/GitHub/The\ Friendly\ Fitness\ Companion\ V2/The\ Friendly\ Fitness\ Companion\ V2/The\ Friendly\ Fitness\ Companion\ V2/The_Friendly_Fitness_Companion_V2App.swift /Users/9lives/Library/Developer/Xcode/DerivedData/The_Friendly_Fitness_Companion_V2-gcddejbqihjurebxvkcvlpnkdoip/Build/Intermediates.noindex/The\ Friendly\ Fitness\ Companion\ V2.build/Debug-iphonesimulator/The\ Friendly\ Fitness\ Companion\ V2.build/DerivedSources/GeneratedAssetSymbols.swift -emit-dependencies-path /Users/9lives/Library/Developer/Xcode/DerivedData/The_Friendly_Fitness_Companion_V2-gcddejbqihjurebxvkcvlpnkdoip/Build/Intermediates.noindex/The\ Friendly\ Fitness\ Companion\ V2.build/Debug-iphonesimulator/The\ Friendly\ Fitness\ Companion\ V2.build/Objects-normal/arm64/FastingView.d -emit-const-values-path /Users/9lives/Library/Developer/Xcode/DerivedData/The_Friendly_Fitness_Companion_V2-gcddejbqihjurebxvkcvlpnkdoip/Build/Intermediates.noindex/The\ Friendly\ Fitness\ Companion\ V2.build/Debug-iphonesimulator/The\ Friendly\ Fitness\ Companion\ V2.build/Objects-normal/arm64/FastingView.swiftconstvalues -emit-reference-dependencies-path /Users/9lives/Library/Developer/Xcode/DerivedData/The_Friendly_Fitness_Companion_V2-gcddejbqihjurebxvkcvlpnkdoip/Build/Intermediates.noindex/The\ Friendly\ Fitness\ Companion\ V2.build/Debug-iphonesimulator/The\ Friendly\ Fitness\ Companion\ V2.build/Objects-normal/arm64/FastingView.swiftdeps -serialize-diagnostics-path /Users/9lives/Library/Developer/Xcode/DerivedData/The_Friendly_Fitness_Companion_V2-gcddejbqihjurebxvkcvlpnkdoip/Build/Intermediates.noindex/The\ Friendly\ Fitness\ Companion\ V2.build/Debug-iphonesimulator/The\ Friendly\ Fitness\ Companion\ V2.build/Objects-normal/arm64/FastingView.dia -emit-localized-strings -emit-localized-strings-path /Users/9lives/Library/Developer/Xcode/DerivedData/The_Friendly_Fitness_Companion_V2-gcddejbqihjurebxvkcvlpnkdoip/Build/Intermediates.noindex/The\ Friendly\ Fitness\ Companion\ V2.build/Debug-iphonesimulator/The\ Friendly\ Fitness\ Companion\ V2.build/Objects-normal/arm64 -target arm64-apple-ios26.4-simulator -module-can-import-version DeveloperToolsSupport 23.40.26 23.40.26 -module-can-import-version SwiftUI 7.4.27.1 7.4.27 -module-can-import-version UIKit 9126.4.27.1 9126.4.27 -disable-cross-import-overlay-search -swift-module-cross-import SwiftData /Applications/Xcode.app/Contents/Developer/Platforms/iPhoneSimulator.platform/Developer/SDKs/iPhoneSimulator26.4.sdk/System/Library/Frameworks/SwiftData.framework/Modules/SwiftData.swiftcrossimport/CoreData.swiftoverlay -swift-module-cross-import SwiftData /Applications/Xcode.app/Contents/Developer/Platforms/iPhoneSimulator.platform/Developer/SDKs/iPhoneSimulator26.4.sdk/System/Library/Frameworks/SwiftData.framework/Modules/SwiftData.swiftcrossimport/SwiftUI.swiftoverlay -load-resolved-plugin /Applications/Xcode.app/Contents/Developer/Platforms/iPhoneOS.platform/Developer/usr/lib/swift/host/plugins/libFoundationMacros.dylib\#/Applications/Xcode.app/Contents/Developer/Platforms/iPhoneOS.platform/Developer/usr/bin/swift-plugin-server\#FoundationMacros -load-resolved-plugin /Applications/Xcode.app/Contents/Developer/Platforms/iPhoneOS.platform/Developer/usr/lib/swift/host/plugins/libObservationMacros.dylib\#/Applications/Xcode.app/Contents/Developer/Platforms/iPhoneOS.platform/Developer/usr/bin/swift-plugin-server\#ObservationMacros -load-resolved-plugin /Applications/Xcode.app/Contents/Developer/Platforms/iPhoneOS.platform/Developer/usr/lib/swift/host/plugins/libPreviewsMacros.dylib\#/Applications/Xcode.app/Contents/Developer/Platforms/iPhoneOS.platform/Developer/usr/bin/swift-plugin-server\#PreviewsMacros -load-resolved-plugin /Applications/Xcode.app/Contents/Developer/Platforms/iPhoneOS.platform/Developer/usr/lib/swift/host/plugins/libSwiftDataMacros.dylib\#/Applications/Xcode.app/Contents/Developer/Platforms/iPhoneOS.platform/Developer/usr/bin/swift-plugin-server\#SwiftDataMacros -load-resolved-plugin /Applications/Xcode.app/Contents/Developer/Platforms/iPhoneOS.platform/Developer/usr/lib/swift/host/plugins/libSwiftMacros.dylib\#/Applications/Xcode.app/Contents/Developer/Platforms/iPhoneOS.platform/Developer/usr/bin/swift-plugin-server\#SwiftMacros -load-resolved-plugin /Applications/Xcode.app/Contents/Developer/Platforms/iPhoneOS.platform/Developer/usr/lib/swift/host/plugins/libSwiftUIMacros.dylib\#/Applications/Xcode.app/Contents/Developer/Platforms/iPhoneOS.platform/Developer/usr/bin/swift-plugin-server\#SwiftUIMacros -disable-implicit-swift-modules -Xcc -fno-implicit-modules -Xcc -fno-implicit-module-maps -explicit-swift-module-map-file /Users/9lives/Library/Developer/Xcode/DerivedData/The_Friendly_Fitness_Companion_V2-gcddejbqihjurebxvkcvlpnkdoip/Build/Intermediates.noindex/The\ Friendly\ Fitness\ Companion\ V2.build/Debug-iphonesimulator/The\ Friendly\ Fitness\ Companion\ V2.build/Objects-normal/arm64/The_Friendly_Fitness_Companion_V2-dependencies-1.json -debug-module-path /Users/9lives/Library/Developer/Xcode/DerivedData/The_Friendly_Fitness_Companion_V2-gcddejbqihjurebxvkcvlpnkdoip/Build/Intermediates.noindex/The\ Friendly\ Fitness\ Companion\ V2.build/Debug-iphonesimulator/The\ Friendly\ Fitness\ Companion\ V2.build/Objects-normal/arm64/The_Friendly_Fitness_Companion_V2.swiftmodule -Xllvm -aarch64-use-tbi -enable-objc-interop -sdk /Applications/Xcode.app/Contents/Developer/Platforms/iPhoneSimulator.platform/Developer/SDKs/iPhoneSimulator26.4.sdk -I /Users/9lives/Library/Developer/Xcode/DerivedData/The_Friendly_Fitness_Companion_V2-gcddejbqihjurebxvkcvlpnkdoip/Build/Products/Debug-iphonesimulator -F /Users/9lives/Library/Developer/Xcode/DerivedData/The_Friendly_Fitness_Companion_V2-gcddejbqihjurebxvkcvlpnkdoip/Build/Products/Debug-iphonesimulator -no-color-diagnostics -Xcc -fno-color-diagnostics -enable-testing -g -debug-info-format\=dwarf -dwarf-version\=5 -module-cache-path /Users/9lives/Library/Developer/Xcode/DerivedData/The_Friendly_Fitness_Companion_V2-gcddejbqihjurebxvkcvlpnkdoip/Build/Intermediates.noindex/SwiftExplicitPrecompiledModules -swift-version 5 -Onone -D DEBUG -serialize-debugging-options -const-gather-protocols-file /Users/9lives/Library/Developer/Xcode/DerivedData/The_Friendly_Fitness_Companion_V2-gcddejbqihjurebxvkcvlpnkdoip/Build/Intermediates.noindex/The\ Friendly\ Fitness\ Companion\ V2.build/Debug-iphonesimulator/The\ Friendly\ Fitness\ Companion\ V2.build/Objects-normal/arm64/The\ Friendly\ Fitness\ Companion\ V2_const_extract_protocols.json -enable-upcoming-feature DisableOutwardActorInference -enable-upcoming-feature InferSendableFromCaptures -enable-upcoming-feature GlobalActorIsolatedTypesUsability -enable-upcoming-feature MemberImportVisibility -enable-upcoming-feature InferIsolatedConformances -enable-upcoming-feature NonisolatedNonsendingByDefault -enable-experimental-feature DebugDescriptionMacro -enable-bare-slash-regex -default-isolation\=MainActor -empty-abi-descriptor -validate-clang-modules-once -clang-build-session-file /Users/9lives/Library/Developer/Xcode/DerivedData/ModuleCache.noindex/Session.modulevalidation -Xcc -working-directory -Xcc /Users/9lives/Documents/GitHub/The\ Friendly\ Fitness\ Companion\ V2/The\ Friendly\ Fitness\ Companion\ V2 -enable-anonymous-context-mangled-names -file-compilation-dir /Users/9lives/Documents/GitHub/The\ Friendly\ Fitness\ Companion\ V2/The\ Friendly\ Fitness\ Companion\ V2 -Xcc -D_LIBCPP_HARDENING_MODE\=_LIBCPP_HARDENING_MODE_DEBUG -Xcc -ivfsstatcache -Xcc /Users/9lives/Library/Developer/Xcode/DerivedData/SDKStatCaches.noindex/iphonesimulator26.4-23E237-686eebb5dc1d8ecb277353a59184f4aa.sdkstatcache -Xcc -I/Users/9lives/Library/Developer/Xcode/DerivedData/The_Friendly_Fitness_Companion_V2-gcddejbqihjurebxvkcvlpnkdoip/Build/Intermediates.noindex/The\ Friendly\ Fitness\ Companion\ V2.build/Debug-iphonesimulator/The\ Friendly\ Fitness\ Companion\ V2.build/swift-overrides.hmap -Xcc -iquote -Xcc /Users/9lives/Library/Developer/Xcode/DerivedData/The_Friendly_Fitness_Companion_V2-gcddejbqihjurebxvkcvlpnkdoip/Build/Intermediates.noindex/The\ Friendly\ Fitness\ Companion\ V2.build/Debug-iphonesimulator/The\ Friendly\ Fitness\ Companion\ V2.build/The\ Friendly\ Fitness\ Companion\ V2-generated-files.hmap -Xcc -I/Users/9lives/Library/Developer/Xcode/DerivedData/The_Friendly_Fitness_Companion_V2-gcddejbqihjurebxvkcvlpnkdoip/Build/Intermediates.noindex/The\ Friendly\ Fitness\ Companion\ V2.build/Debug-iphonesimulator/The\ Friendly\ Fitness\ Companion\ V2.build/The\ Friendly\ Fitness\ Companion\ V2-own-target-headers.hmap -Xcc -I/Users/9lives/Library/Developer/Xcode/DerivedData/The_Friendly_Fitness_Companion_V2-gcddejbqihjurebxvkcvlpnkdoip/Build/Intermediates.noindex/The\ Friendly\ Fitness\ Companion\ V2.build/Debug-iphonesimulator/The\ Friendly\ Fitness\ Companion\ V2.build/The\ Friendly\ Fitness\ Companion\ V2-all-target-headers.hmap -Xcc -iquote -Xcc /Users/9lives/Library/Developer/Xcode/DerivedData/The_Friendly_Fitness_Companion_V2-gcddejbqihjurebxvkcvlpnkdoip/Build/Intermediates.noindex/The\ Friendly\ Fitness\ Companion\ V2.build/Debug-iphonesimulator/The\ Friendly\ Fitness\ Companion\ V2.build/The\ Friendly\ Fitness\ Companion\ V2-project-headers.hmap -Xcc -I/Users/9lives/Library/Developer/Xcode/DerivedData/The_Friendly_Fitness_Companion_V2-gcddejbqihjurebxvkcvlpnkdoip/Build/Products/Debug-iphonesimulator/include -Xcc -I/Users/9lives/Library/Developer/Xcode/DerivedData/The_Friendly_Fitness_Companion_V2-gcddejbqihjurebxvkcvlpnkdoip/Build/Intermediates.noindex/The\ Friendly\ Fitness\ Companion\ V2.build/Debug-iphonesimulator/The\ Friendly\ Fitness\ Companion\ V2.build/DerivedSources-normal/arm64 -Xcc -I/Users/9lives/Library/Developer/Xcode/DerivedData/The_Friendly_Fitness_Companion_V2-gcddejbqihjurebxvkcvlpnkdoip/Build/Intermediates.noindex/The\ Friendly\ Fitness\ Companion\ V2.build/Debug-iphonesimulator/The\ Friendly\ Fitness\ Companion\ V2.build/DerivedSources/arm64 -Xcc -I/Users/9lives/Library/Developer/Xcode/DerivedData/The_Friendly_Fitness_Companion_V2-gcddejbqihjurebxvkcvlpnkdoip/Build/Intermediates.noindex/The\ Friendly\ Fitness\ Companion\ V2.build/Debug-iphonesimulator/The\ Friendly\ Fitness\ Companion\ V2.build/DerivedSources -Xcc -DDEBUG\=1 -no-auto-bridging-header-chaining -module-name The_Friendly_Fitness_Companion_V2 -frontend-parseable-output -disable-clang-spi -clang-target arm64-apple-ios26.4-simulator -target-sdk-version 26.4 -target-sdk-name iphonesimulator26.4 -in-process-plugin-server-path /Applications/Xcode.app/Contents/Developer/Toolchains/XcodeDefault.xctoolchain/usr/lib/swift/host/libSwiftInProcPluginServer.dylib -o /Users/9lives/Library/Developer/Xcode/DerivedData/The_Friendly_Fitness_Companion_V2-gcddejbqihjurebxvkcvlpnkdoip/Build/Intermediates.noindex/The\ Friendly\ Fitness\ Companion\ V2.build/Debug-iphonesimulator/The\ Friendly\ Fitness\ Companion\ V2.build/Objects-normal/arm64/FastingView.o -index-unit-output-path /The\ Friendly\ Fitness\ Companion\ V2.build/Debug-iphonesimulator/The\ Friendly\ Fitness\ Companion\ V2.build/Objects-normal/arm64/FastingView.o -index-store-path /Users/9lives/Library/Developer/Xcode/DerivedData/The_Friendly_Fitness_Companion_V2-gcddejbqihjurebxvkcvlpnkdoip/Index.noindex/DataStore -index-system-modules

SwiftCompile normal arm64 /Users/9lives/Documents/GitHub/The\ Friendly\ Fitness\ Companion\ V2/The\ Friendly\ Fitness\ Companion\ V2/The\ Friendly\ Fitness\ Companion\ V2/Views/FastingView.swift (in target 'The Friendly Fitness Companion V2' from project 'The Friendly Fitness Companion V2')
    cd /Users/9lives/Documents/GitHub/The\ Friendly\ Fitness\ Companion\ V2/The\ Friendly\ Fitness\ Companion\ V2
    
/Users/9lives/Documents/GitHub/The Friendly Fitness Companion V2/The Friendly Fitness Companion V2/The Friendly Fitness Companion V2/Views/FastingView.swift:341:9: error: cannot find 'levelUpPhase' in scope
        levelUpPhase = newPhase
        ^~~~~~~~~~~~
/Users/9lives/Documents/GitHub/The Friendly Fitness Companion V2/The Friendly Fitness Companion V2/The Friendly Fitness Companion V2/Views/FastingView.swift:354:13: error: cannot find 'showLevelUp' in scope
            showLevelUp = true
            ^~~~~~~~~~~
/Users/9lives/Documents/GitHub/The Friendly Fitness Companion V2/The Friendly Fitness Companion V2/The Friendly Fitness Companion V2/Views/FastingView.swift:360:17: error: cannot find 'showLevelUp' in scope
                showLevelUp = false
                ^~~~~~~~~~~

SwiftCompile normal arm64 Compiling\ ProfileView.swift /Users/9lives/Documents/GitHub/The\ Friendly\ Fitness\ Companion\ V2/The\ Friendly\ Fitness\ Companion\ V2/The\ Friendly\ Fitness\ Companion\ V2/Views/ProfileView.swift (in target 'The Friendly Fitness Companion V2' from project 'The Friendly Fitness Companion V2')
SwiftCompile normal arm64 /Users/9lives/Documents/GitHub/The\ Friendly\ Fitness\ Companion\ V2/The\ Friendly\ Fitness\ Companion\ V2/The\ Friendly\ Fitness\ Companion\ V2/Views/ProfileView.swift (in target 'The Friendly Fitness Companion V2' from project 'The Friendly Fitness Companion V2')
    cd /Users/9lives/Documents/GitHub/The\ Friendly\ Fitness\ Companion\ V2/The\ Friendly\ Fitness\ Companion\ V2
    

SwiftCompile normal arm64 Compiling\ JournalView.swift /Users/9lives/Documents/GitHub/The\ Friendly\ Fitness\ Companion\ V2/The\ Friendly\ Fitness\ Companion\ V2/The\ Friendly\ Fitness\ Companion\ V2/Views/JournalView.swift (in target 'The Friendly Fitness Companion V2' from project 'The Friendly Fitness Companion V2')

SwiftCompile normal arm64 /Users/9lives/Documents/GitHub/The\ Friendly\ Fitness\ Companion\ V2/The\ Friendly\ Fitness\ Companion\ V2/The\ Friendly\ Fitness\ Companion\ V2/Views/JournalView.swift (in target 'The Friendly Fitness Companion V2' from project 'The Friendly Fitness Companion V2')
    cd /Users/9lives/Documents/GitHub/The\ Friendly\ Fitness\ Companion\ V2/The\ Friendly\ Fitness\ Companion\ V2
    

SwiftCompile normal arm64 Compiling\ ExerciseSelectionView.swift /Users/9lives/Documents/GitHub/The\ Friendly\ Fitness\ Companion\ V2/The\ Friendly\ Fitness\ Companion\ V2/The\ Friendly\ Fitness\ Companion\ V2/Views/ExerciseSelectionView.swift (in target 'The Friendly Fitness Companion V2' from project 'The Friendly Fitness Companion V2')

SwiftCompile normal arm64 /Users/9lives/Documents/GitHub/The\ Friendly\ Fitness\ Companion\ V2/The\ Friendly\ Fitness\ Companion\ V2/The\ Friendly\ Fitness\ Companion\ V2/Views/ExerciseSelectionView.swift (in target 'The Friendly Fitness Companion V2' from project 'The Friendly Fitness Companion V2')
    cd /Users/9lives/Documents/GitHub/The\ Friendly\ Fitness\ Companion\ V2/The\ Friendly\ Fitness\ Companion\ V2
    

SwiftCompile normal arm64 Compiling\ AnatomicalBodyMap.swift /Users/9lives/Documents/GitHub/The\ Friendly\ Fitness\ Companion\ V2/The\ Friendly\ Fitness\ Companion\ V2/The\ Friendly\ Fitness\ Companion\ V2/Views/AnatomicalBodyMap.swift (in target 'The Friendly Fitness Companion V2' from project 'The Friendly Fitness Companion V2')

SwiftCompile normal arm64 /Users/9lives/Documents/GitHub/The\ Friendly\ Fitness\ Companion\ V2/The\ Friendly\ Fitness\ Companion\ V2/The\ Friendly\ Fitness\ Companion\ V2/Views/AnatomicalBodyMap.swift (in target 'The Friendly Fitness Companion V2' from project 'The Friendly Fitness Companion V2')
    cd /Users/9lives/Documents/GitHub/The\ Friendly\ Fitness\ Companion\ V2/The\ Friendly\ Fitness\ Companion\ V2
    

SwiftCompile normal arm64 Compiling\ ActiveExerciseView.swift /Users/9lives/Documents/GitHub/The\ Friendly\ Fitness\ Companion\ V2/The\ Friendly\ Fitness\ Companion\ V2/The\ Friendly\ Fitness\ Companion\ V2/Views/ActiveExerciseView.swift (in target 'The Friendly Fitness Companion V2' from project 'The Friendly Fitness Companion V2')
SwiftCompile normal arm64 /Users/9lives/Documents/GitHub/The\ Friendly\ Fitness\ Companion\ V2/The\ Friendly\ Fitness\ Companion\ V2/The\ Friendly\ Fitness\ Companion\ V2/Views/ActiveExerciseView.swift (in target 'The Friendly Fitness Companion V2' from project 'The Friendly Fitness Companion V2')
    cd /Users/9lives/Documents/GitHub/The\ Friendly\ Fitness\ Companion\ V2/The\ Friendly\ Fitness\ Companion\ V2
    

SwiftEmitModule normal arm64 Emitting\ module\ for\ The_Friendly_Fitness_Companion_V2 (in target 'The Friendly Fitness Companion V2' from project 'The Friendly Fitness Companion V2')

EmitSwiftModule normal arm64 (in target 'The Friendly Fitness Companion V2' from project 'The Friendly Fitness Companion V2')
    cd /Users/9lives/Documents/GitHub/The\ Friendly\ Fitness\ Companion\ V2/The\ Friendly\ Fitness\ Companion\ V2
    

SwiftCompile normal arm64 Compiling\ TemplateBuilderView.swift /Users/9lives/Documents/GitHub/The\ Friendly\ Fitness\ Companion\ V2/The\ Friendly\ Fitness\ Companion\ V2/The\ Friendly\ Fitness\ Companion\ V2/Views/TemplateBuilderView.swift (in target 'The Friendly Fitness Companion V2' from project 'The Friendly Fitness Companion V2')

SwiftCompile normal arm64 /Users/9lives/Documents/GitHub/The\ Friendly\ Fitness\ Companion\ V2/The\ Friendly\ Fitness\ Companion\ V2/The\ Friendly\ Fitness\ Companion\ V2/Views/TemplateBuilderView.swift (in target 'The Friendly Fitness Companion V2' from project 'The Friendly Fitness Companion V2')
    cd /Users/9lives/Documents/GitHub/The\ Friendly\ Fitness\ Companion\ V2/The\ Friendly\ Fitness\ Companion\ V2
    

SwiftCompile normal arm64 Compiling\ SettingsView.swift /Users/9lives/Documents/GitHub/The\ Friendly\ Fitness\ Companion\ V2/The\ Friendly\ Fitness\ Companion\ V2/The\ Friendly\ Fitness\ Companion\ V2/Views/SettingsView.swift (in target 'The Friendly Fitness Companion V2' from project 'The Friendly Fitness Companion V2')

SwiftCompile normal arm64 /Users/9lives/Documents/GitHub/The\ Friendly\ Fitness\ Companion\ V2/The\ Friendly\ Fitness\ Companion\ V2/The\ Friendly\ Fitness\ Companion\ V2/Views/SettingsView.swift (in target 'The Friendly Fitness Companion V2' from project 'The Friendly Fitness Companion V2')
    cd /Users/9lives/Documents/GitHub/The\ Friendly\ Fitness\ Companion\ V2/The\ Friendly\ Fitness\ Companion\ V2
    

SwiftCompile normal arm64 Compiling\ ProgressView.swift /Users/9lives/Documents/GitHub/The\ Friendly\ Fitness\ Companion\ V2/The\ Friendly\ Fitness\ Companion\ V2/The\ Friendly\ Fitness\ Companion\ V2/Views/ProgressView.swift (in target 'The Friendly Fitness Companion V2' from project 'The Friendly Fitness Companion V2')

SwiftCompile normal arm64 /Users/9lives/Documents/GitHub/The\ Friendly\ Fitness\ Companion\ V2/The\ Friendly\ Fitness\ Companion\ V2/The\ Friendly\ Fitness\ Companion\ V2/Views/ProgressView.swift (in target 'The Friendly Fitness Companion V2' from project 'The Friendly Fitness Companion V2')
    cd /Users/9lives/Documents/GitHub/The\ Friendly\ Fitness\ Companion\ V2/The\ Friendly\ Fitness\ Companion\ V2
    

SwiftDriverJobDiscovery normal arm64 Compiling AnatomicalBodyMap.swift (in target 'The Friendly Fitness Companion V2' from project 'The Friendly Fitness Companion V2')

SwiftCompile normal arm64 Compiling\ OneRepMaxCalculatorView.swift /Users/9lives/Documents/GitHub/The\ Friendly\ Fitness\ Companion\ V2/The\ Friendly\ Fitness\ Companion\ V2/The\ Friendly\ Fitness\ Companion\ V2/Views/OneRepMaxCalculatorView.swift (in target 'The Friendly Fitness Companion V2' from project 'The Friendly Fitness Companion V2')

SwiftCompile normal arm64 /Users/9lives/Documents/GitHub/The\ Friendly\ Fitness\ Companion\ V2/The\ Friendly\ Fitness\ Companion\ V2/The\ Friendly\ Fitness\ Companion\ V2/Views/OneRepMaxCalculatorView.swift (in target 'The Friendly Fitness Companion V2' from project 'The Friendly Fitness Companion V2')
    cd /Users/9lives/Documents/GitHub/The\ Friendly\ Fitness\ Companion\ V2/The\ Friendly\ Fitness\ Companion\ V2
    

SwiftCompile normal arm64 Compiling\ WorkoutLoggerView.swift /Users/9lives/Documents/GitHub/The\ Friendly\ Fitness\ Companion\ V2/The\ Friendly\ Fitness\ Companion\ V2/The\ Friendly\ Fitness\ Companion\ V2/Views/WorkoutLoggerView.swift (in target 'The Friendly Fitness Companion V2' from project 'The Friendly Fitness Companion V2')

SwiftCompile normal arm64 /Users/9lives/Documents/GitHub/The\ Friendly\ Fitness\ Companion\ V2/The\ Friendly\ Fitness\ Companion\ V2/The\ Friendly\ Fitness\ Companion\ V2/Views/WorkoutLoggerView.swift (in target 'The Friendly Fitness Companion V2' from project 'The Friendly Fitness Companion V2')
    cd /Users/9lives/Documents/GitHub/The\ Friendly\ Fitness\ Companion\ V2/The\ Friendly\ Fitness\ Companion\ V2
    

SwiftCompile normal arm64 Compiling\ MainTabView.swift /Users/9lives/Documents/GitHub/The\ Friendly\ Fitness\ Companion\ V2/The\ Friendly\ Fitness\ Companion\ V2/The\ Friendly\ Fitness\ Companion\ V2/Views/MainTabView.swift (in target 'The Friendly Fitness Companion V2' from project 'The Friendly Fitness Companion V2')

SwiftCompile normal arm64 /Users/9lives/Documents/GitHub/The\ Friendly\ Fitness\ Companion\ V2/The\ Friendly\ Fitness\ Companion\ V2/The\ Friendly\ Fitness\ Companion\ V2/Views/MainTabView.swift (in target 'The Friendly Fitness Companion V2' from project 'The Friendly Fitness Companion V2')
    cd /Users/9lives/Documents/GitHub/The\ Friendly\ Fitness\ Companion\ V2/The\ Friendly\ Fitness\ Companion\ V2
    

SwiftDriverJobDiscovery normal arm64 Compiling TemplateBuilderView.swift (in target 'The Friendly Fitness Companion V2' from project 'The Friendly Fitness Companion V2')

SwiftCompile normal arm64 Compiling\ DashboardView.swift /Users/9lives/Documents/GitHub/The\ Friendly\ Fitness\ Companion\ V2/The\ Friendly\ Fitness\ Companion\ V2/The\ Friendly\ Fitness\ Companion\ V2/Views/DashboardView.swift (in target 'The Friendly Fitness Companion V2' from project 'The Friendly Fitness Companion V2')

SwiftCompile normal arm64 /Users/9lives/Documents/GitHub/The\ Friendly\ Fitness\ Companion\ V2/The\ Friendly\ Fitness\ Companion\ V2/The\ Friendly\ Fitness\ Companion\ V2/Views/DashboardView.swift (in target 'The Friendly Fitness Companion V2' from project 'The Friendly Fitness Companion V2')
    cd /Users/9lives/Documents/GitHub/The\ Friendly\ Fitness\ Companion\ V2/The\ Friendly\ Fitness\ Companion\ V2
    

SwiftDriverJobDiscovery normal arm64 Compiling ExerciseSelectionView.swift (in target 'The Friendly Fitness Companion V2' from project 'The Friendly Fitness Companion V2')

SwiftCompile normal arm64 Compiling\ ExerciseHistoryView.swift /Users/9lives/Documents/GitHub/The\ Friendly\ Fitness\ Companion\ V2/The\ Friendly\ Fitness\ Companion\ V2/The\ Friendly\ Fitness\ Companion\ V2/Views/ExerciseHistoryView.swift (in target 'The Friendly Fitness Companion V2' from project 'The Friendly Fitness Companion V2')

SwiftCompile normal arm64 /Users/9lives/Documents/GitHub/The\ Friendly\ Fitness\ Companion\ V2/The\ Friendly\ Fitness\ Companion\ V2/The\ Friendly\ Fitness\ Companion\ V2/Views/ExerciseHistoryView.swift (in target 'The Friendly Fitness Companion V2' from project 'The Friendly Fitness Companion V2')
    cd /Users/9lives/Documents/GitHub/The\ Friendly\ Fitness\ Companion\ V2/The\ Friendly\ Fitness\ Companion\ V2
    

SwiftDriverJobDiscovery normal arm64 Compiling JournalView.swift (in target 'The Friendly Fitness Companion V2' from project 'The Friendly Fitness Companion V2')

SwiftDriverJobDiscovery normal arm64 Compiling SettingsView.swift (in target 'The Friendly Fitness Companion V2' from project 'The Friendly Fitness Companion V2')

SwiftDriverJobDiscovery normal arm64 Compiling MainTabView.swift (in target 'The Friendly Fitness Companion V2' from project 'The Friendly Fitness Companion V2')

SwiftDriverJobDiscovery normal arm64 Compiling ProgressView.swift (in target 'The Friendly Fitness Companion V2' from project 'The Friendly Fitness Companion V2')

** BUILD FAILED **


The following build commands failed:
	SwiftCompile normal arm64 Compiling\ FastingView.swift /Users/9lives/Documents/GitHub/The\ Friendly\ Fitness\ Companion\ V2/The\ Friendly\ Fitness\ Companion\ V2/The\ Friendly\ Fitness\ Companion\ V2/Views/FastingView.swift (in target 'The Friendly Fitness Companion V2' from project 'The Friendly Fitness Companion V2')
	SwiftCompile normal arm64 /Users/9lives/Documents/GitHub/The\ Friendly\ Fitness\ Companion\ V2/The\ Friendly\ Fitness\ Companion\ V2/The\ Friendly\ Fitness\ Companion\ V2/Views/FastingView.swift (in target 'The Friendly Fitness Companion V2' from project 'The Friendly Fitness Companion V2')
	Building project The Friendly Fitness Companion V2 with scheme The Friendly Fitness Companion V2
(3 failures)
